#./src/main/resources/Entities.map
#Sun Apr 29 20:21:04 GMT+01:00 2018
message6=717
message5=715
message4=713
followUp5=614
message3=716
TrashBoxUser4=710
volume6=639
followUp4=612
message2=714
volume5=638
newspaper9=596
TrashBoxUser3=705
followUp3=610
message1=712
volume4=637
newspaper8=595
TrashBoxUser2=700
followUp2=605
volume3=636
newspaper7=594
TrashBoxUser1=695
followUp1=726
volume2=635
newspaper6=593
volume1=634
TrashBoxCustomer4=690
newspaper5=592
TrashBoxCustomer3=685
article9=616
newspaper4=591
TrashBoxCustomer2=680
article8=615
newspaper3=590
TrashBoxCustomer1=675
article7=613
newspaper2=589
article6=611
newspaper1=588
admin=575
article5=609
article4=608
article3=607
article2=606
article1=604
userAccountUser4=570
userAccountCustomer4=566
userAccountUser3=569
userAccountCustomer3=565
userAccountUser2=568
userAccountCustomer2=564
userAccountUser1=567
userAccountCustomer1=563
configurationSystem=620
SpamBoxAdmin=651
user4=579
user3=578
user2=577
user1=576
OutBoxAgent4=668
OutBoxAgent3=663
OutBoxAgent2=658
OutBoxAgent1=653
SpamBoxUser4=711
SpamBoxUser3=706
SpamBoxUser2=701
userAccountAgent4=574
SpamBoxUser1=696
userAccountAgent3=573
userAccountAgent2=572
userAccountAgent1=571
NotificationBoxAgent4=669
NotificationBoxAgent3=664
NotificationBoxAgent2=659
NotificationBoxAgent1=654
underwrite7=646
underwrite6=645
underwrite5=644
underwrite4=643
underwrite3=642
underwrite2=641
underwrite1=640
SpamBoxAgent4=671
SpamBoxAgent3=666
SpamBoxAgent2=661
SpamBoxAgent1=656
article12=619
article11=618
article10=617
NotificationBoxCustomer4=689
NotificationBoxCustomer3=684
agent4=587
NotificationBoxCustomer2=679
agent3=586
customer4=583
NotificationBoxCustomer1=674
agent2=585
customer3=582
agent1=584
customer2=581
customer1=580
InBoxCustomer4=687
InBoxCustomer3=682
InBoxCustomer2=677
InBoxCustomer1=672
InBoxAdmin=647
advertisement8=633
advertisement7=632
advertisement6=631
advertisement5=630
advertisement4=629
advertisement3=628
advertisement2=627
advertisement1=626
InBoxUser4=707
InBoxUser3=702
InBoxUser2=697
InBoxUser1=692
SpamBoxCustomer4=691
SpamBoxCustomer3=686
SpamBoxCustomer2=681
SpamBoxCustomer1=676
chirp7=603
chirp6=602
chirp5=601
chirp4=600
chirp3=599
chirp2=598
chirp1=597
OutBoxCustomer4=688
OutBoxCustomer3=683
OutBoxCustomer2=678
OutBoxCustomer1=673
NotificationBoxAdmin=649
TrashBoxAgent4=670
TrashBoxAgent3=665
TrashBoxAgent2=660
TrashBoxAgent1=655
OutBoxAdmin=648
InBoxAgent4=667
InBoxAgent3=662
InBoxAgent2=657
InBoxAgent1=652
TrashBoxAdmin=650
subcription8=725
subcription7=724
subcription6=723
subcription5=722
subcription4=721
subcription3=720
NotificationBoxUser4=709
subcription2=719
NotificationBoxUser3=704
subcription1=718
NotificationBoxUser2=699
NotificationBoxUser1=694
userAccountAdmin=562
tabooWord5=625
tabooWord4=624
OutBoxUser4=708
tabooWord3=623
OutBoxUser3=703
tabooWord2=622
OutBoxUser2=698
tabooWord1=621
OutBoxUser1=693
